C51 COMPILER V9.59.0.0   COMMANDPARSER                                                     09/30/2026 23:25:46 PAGE 1   


C51 COMPILER V9.59.0.0, COMPILATION OF MODULE COMMANDPARSER
OBJECT MODULE PLACED IN .\Objects\CommandParser.obj
COMPILER INVOKED BY: D:\Keil_v5\C51\BIN\C51.EXE CommandParser.c COMPACT OPTIMIZE(8,SIZE) BROWSE INCDIR(.\EEPROM;.\Serial
                    -;.\Security) DEBUG OBJECTEXTEND PRINT(.\Listings\CommandParser.lst) TABS(2) OBJECT(.\Objects\CommandParser.obj)

line level    source

   1          #include "CommandParser.h"
   2          #include "ConfigMgr.h"
   3          #include "StorageMgr.h"
   4          #include "FeatTag.h"
   5          #include <string.h>
   6          
   7          /* Command parser layer. Full implementation per CMD.md.
   8           * Target MCU: 8051 (AT89C55WD, IROM 0x5000 = 20KB).
   9           *
  10           * Dual EEPROM layout (see StorageMgr.h):
  11           *   chip0 0x50 metadata:
  12           *     FIRST_BLOCK_CFG_OFF  0x0000 config zone (256B)
  13           *     FIRST_BLOCK_BLOCKTAB 0x0100 block table (block_entry_t fixed array)
  14           *     FIRST_BLOCK_KVIDX    0x1000 kv index zone (kv_entry_t serialized)
  15           *     FIRST_BLOCK_BITMAP   0x1C00 allocation bitmap (reserved)
  16           *   chip1 0x51 data:
  17           *     0x0000 data head (16B), then KV_RECORD appended sequentially.
  18           */
  19          
  20          #define FIRMWARE_VERSION   "V1.0.0"
  21          #define PROTOCOL_VERSION   "P1.0"
  22          #define STORAGE_FMT_VER    "S1.0"
  23          
  24          #define SESSION_TIMEOUT_TICKS  300u
  25          #define DATA_BODY_START    DATA_HEAD_SIZE
  26          #define BLOCK_TAB_MAX      256u
  27          #define KVIDX_MAX          256u
  28          #define BLK_REC_SIZE   ((uint16_t)sizeof(block_entry_t))
  29          #define KVIDX_REC_SIZE 13u
  30          
  31          static uint16_t s_storage_size = 0;
  32          static uint8_t  s_task      = 0;
  33          static uint8_t  s_authed    = 0;
  34          static uint16_t s_auth_tick = 0;
  35          
  36          static uint16_t CMD_ReadU16(uint16_t addr) {
  37   1        return (uint16_t)EEPROM_ReadByte(addr) |
  38   1               ((uint16_t)EEPROM_ReadByte(addr + 1) << 8);
  39   1      }
  40          
  41          static void CMD_WriteU16(uint16_t addr, uint16_t val) {
  42   1        EEPROM_WriteByte(addr, (uint8_t)(val & 0xFF));
  43   1        EEPROM_WriteByte(addr + 1, (uint8_t)(val >> 8));
  44   1      }
  45          
  46          static void CMD_Reply(const char *tag, uint8_t val) {
  47   1        Uart1_SendString((char *)tag);
  48   1        Uart1_SendString("+");
  49   1        Uart1_SendNumber(val);
  50   1        Uart1_SendString("\r\n");
  51   1      }
  52          
  53          static int CMD_Compare(const char *a, const char *b) {
  54   1        if (a == 0 || b == 0) return 0;
C51 COMPILER V9.59.0.0   COMMANDPARSER                                                     09/30/2026 23:25:46 PAGE 2   

  55   1        return strcmp(a, b) == 0;
  56   1      }
  57          
  58          static char *CMD_StripQuote(char *s) {
  59   1        uint8_t len;
  60   1        if (s == 0) return s;
  61   1        len = (uint8_t)strlen(s);
  62   1        if (len >= 2 && s[0] == '"' && s[len - 1] == '"') {
  63   2          s[len - 1] = '\0';
  64   2          return s + 1;
  65   2        }
  66   1        if (len >= 1 && s[0] == '"') return s + 1;
  67   1        return s;
  68   1      }
  69          
  70          static uint16_t CMD_AtoU16(char *str) {
  71   1        uint32_t val = 0;
  72   1        if (str == 0) return 0;
  73   1        while (*str >= '0' && *str <= '9') {
  74   2          val = val * 10u + (uint32_t)(*str - '0');
  75   2          if (val > 0xFFFFu) { val = 0xFFFFu; break; }
  76   2          str++;
  77   2        }
  78   1        return (uint16_t)val;
  79   1      }
  80          
  81          static uint8_t CMD_Atoi(char *str) {
  82   1        uint16_t v = CMD_AtoU16(str);
  83   1        return (uint8_t)(v > 0xFFu ? 0xFFu : v);
  84   1      }
  85          
  86          static uint8_t CMD_HexNibble(char c) {
  87   1        if (c >= '0' && c <= '9') return (uint8_t)(c - '0');
  88   1        if (c >= 'A' && c <= 'F') return (uint8_t)(c - 'A' + 10);
  89   1        if (c >= 'a' && c <= 'f') return (uint8_t)(c - 'a' + 10);
  90   1        return 0xFF;
  91   1      }
  92          
  93          static uint8_t CMD_HexToBytes(char *hex, uint8_t *buf, uint8_t max) {
  94   1        uint8_t n = 0, hi, lo;
  95   1        if (hex == 0) return 0;
  96   1        while (hex[0] && hex[1] && n < max) {
  97   2          hi = CMD_HexNibble(hex[0]);
  98   2          lo = CMD_HexNibble(hex[1]);
  99   2          if (hi == 0xFF || lo == 0xFF) break;
 100   2          buf[n++] = (uint8_t)((hi << 4) | lo);
 101   2          hex += 2;
 102   2        }
 103   1        return n;
 104   1      }
 105          
 106          static int CMD_Split(char *str, char delim, char **tokens, int max_tokens) {
 107   1        int count = 0;
 108   1        if (str == 0) return 0;
 109   1        while (count < max_tokens) {
 110   2          tokens[count++] = str;
 111   2          while (*str != '\0' && *str != delim) str++;
 112   2          if (*str == '\0') break;
 113   2          *str++ = '\0';
 114   2        }
 115   1        return count;
 116   1      }
C51 COMPILER V9.59.0.0   COMMANDPARSER                                                     09/30/2026 23:25:46 PAGE 3   

 117          
 118          static uint8_t CMD_CheckAuth(void) {
 119   1        cfg_t cfg;
 120   1        ConfigMgr_Load(&cfg);
 121   1        if (!(cfg.flags & FLAG_INITIALIZED)) { CMD_Reply("ERR", ERR_NOT_AUTH); return 0; }
 122   1        if ((cfg.flags & FLAG_PWD_AUTH) && !s_authed) {
 123   2          uint8_t i, allzero = 1;
 124   2          for (i = 0; i < 16; i++) { if (cfg.pwd_hash[i] != 0) { allzero = 0; break; } }
 125   2          if (!allzero) { CMD_Reply("ERR", ERR_NOT_AUTH); return 0; }
 126   2          s_authed = 1;
 127   2        }
 128   1        return 1;
 129   1      }
 130          
 131          static uint8_t CMD_CheckWriteProtect(void) {
 132   1        cfg_t cfg;
 133   1        ConfigMgr_Load(&cfg);
 134   1        if (cfg.flags & FLAG_READ_ONLY) { CMD_Reply("ERR", ERR_WRITE_PROTECT); return 0; }
 135   1        return 1;
 136   1      }
 137          
 138          /* 密码比对：返回 1 匹配、0 不匹配、2 未设置密码。
 139           * 复用调用方已有的 cfg 缓存，不额外占用持久变量。 */
 140          static uint8_t CMD_PwdMatches(cfg_t *cfg, char *pass) {
 141   1        uint8_t hash[16];
 142   1        uint8_t i, match = 1, allzero = 1;
 143   1        for (i = 0; i < 16; i++) { if (cfg->pwd_hash[i] != 0) { allzero = 0; break; } }
 144   1        if (allzero) return 2;
 145   1        FeatTag_Checksum(pass, (uint8_t)strlen(pass), hash);
 146   1        for (i = 0; i < 16; i++) { if (cfg->pwd_hash[i] != hash[i]) { match = 0; break; } }
 147   1        return match;
 148   1      }
 149          
 150          /* 命令统一前置：置任务态 + 鉴权 (+ 只读锁)。
 151           * need_write=1 时同时检查写保护。返回 0 表示已被拒绝（已回 ERR）。 */
 152          static uint8_t CMD_Begin(uint8_t task, uint8_t need_write) {
 153   1        s_task = task;
 154   1        if (!CMD_CheckAuth()) { s_task = TASK_IDLE; return 0; }
 155   1        if (need_write && !CMD_CheckWriteProtect()) { s_task = TASK_IDLE; return 0; }
 156   1        return 1;
 157   1      }
 158          
 159          uint8_t CMD_IsAuthorized(void) { return s_authed; }
 160          
 161          void CMD_SessionTick(void) {
 162   1        if (s_authed && s_auth_tick > 0) { if (--s_auth_tick == 0) s_authed = 0; }
 163   1      }
 164          
 165          void CMD_PARSER_SET_STORAGE(uint16_t addr) { s_storage_size = addr; }
 166          
 167          /* ---- Block table management ---- */
 168          
 169          static uint8_t CMD_ReadBlockSlot(uint16_t idx, block_entry_t *out) {
 170   1        uint16_t off = (uint16_t)(FIRST_BLOCK_BLOCKTAB + idx * BLK_REC_SIZE);
 171   1        uint8_t  j;
 172   1        if (idx >= BLOCK_TAB_MAX) return 0;
 173   1        out->block_id = CMD_ReadU16(off);
 174   1        if (out->block_id == 0xFFFF) return 0;
 175   1        for (j = 0; j < BLOCK_NAME_LEN; j++)
 176   1          out->name[j] = EEPROM_ReadByte((uint16_t)(off + 2 + j));
 177   1        out->flags        = EEPROM_ReadByte((uint16_t)(off + 2 + BLOCK_NAME_LEN));
 178   1        out->kv_count     = CMD_ReadU16((uint16_t)(off + 3 + BLOCK_NAME_LEN));
C51 COMPILER V9.59.0.0   COMMANDPARSER                                                     09/30/2026 23:25:46 PAGE 4   

 179   1        out->kv_index_off = CMD_ReadU16((uint16_t)(off + 5 + BLOCK_NAME_LEN));
 180   1        out->kv_index_len = CMD_ReadU16((uint16_t)(off + 7 + BLOCK_NAME_LEN));
 181   1        out->data_start   = 0;
 182   1        out->data_used    = 0;
 183   1        return 1;
 184   1      }
 185          
 186          static void CMD_WriteBlockSlot(uint16_t idx, const block_entry_t *blk) {
 187   1        uint16_t off = (uint16_t)(FIRST_BLOCK_BLOCKTAB + idx * BLK_REC_SIZE);
 188   1        uint8_t  j;
 189   1        CMD_WriteU16(off, blk->block_id);
 190   1        for (j = 0; j < BLOCK_NAME_LEN; j++)
 191   1          EEPROM_WriteByte((uint16_t)(off + 2 + j), blk->name[j]);
 192   1        EEPROM_WriteByte((uint16_t)(off + 2 + BLOCK_NAME_LEN), blk->flags);
 193   1        CMD_WriteU16((uint16_t)(off + 3 + BLOCK_NAME_LEN), blk->kv_count);
 194   1        CMD_WriteU16((uint16_t)(off + 5 + BLOCK_NAME_LEN), blk->kv_index_off);
 195   1        CMD_WriteU16((uint16_t)(off + 7 + BLOCK_NAME_LEN), blk->kv_index_len);
 196   1      }
 197          
 198          static void CMD_ClearBlockSlot(uint16_t idx) {
 199   1        uint16_t off = (uint16_t)(FIRST_BLOCK_BLOCKTAB + idx * BLK_REC_SIZE);
 200   1        uint8_t  j;
 201   1        CMD_WriteU16(off, 0xFFFF);
 202   1        for (j = 0; j < BLOCK_NAME_LEN; j++) EEPROM_WriteByte((uint16_t)(off + 2 + j), 0x00);
 203   1        EEPROM_WriteByte((uint16_t)(off + 2 + BLOCK_NAME_LEN), 0x00);
 204   1      }
 205          
 206          static uint16_t CMD_FindFreeBlockSlot(void) {
 207   1        uint16_t i;
 208   1        for (i = 0; i < BLOCK_TAB_MAX; i++) {
 209   2          if (CMD_ReadU16((uint16_t)(FIRST_BLOCK_BLOCKTAB + i * BLK_REC_SIZE)) == 0xFFFF) return i;
 210   2        }
 211   1        return 0xFFFF;
 212   1      }
 213          
 214          static uint16_t CMD_NextBlockId(void) {
 215   1        uint16_t i, max_id = 0;
 216   1        for (i = 0; i < BLOCK_TAB_MAX; i++) {
 217   2          block_entry_t b;
 218   2          if (!CMD_ReadBlockSlot(i, &b)) continue;
 219   2          if (b.block_id > max_id) max_id = b.block_id;
 220   2        }
 221   1        return (uint16_t)(max_id + 1);
 222   1      }
 223          
 224          static uint16_t CMD_LoadBlockById(uint16_t want_id, block_entry_t *out) {
 225   1        uint16_t i;
 226   1        for (i = 0; i < BLOCK_TAB_MAX; i++) {
 227   2          if (!CMD_ReadBlockSlot(i, out)) continue;
 228   2          if (out->block_id == want_id) return i;
 229   2        }
 230   1        return 0xFFFF;
 231   1      }
 232          
 233          static uint16_t CMD_LoadBlockByName(char *name, block_entry_t *out) {
 234   1        uint16_t i;
 235   1        uint8_t  j;
 236   1        for (i = 0; i < BLOCK_TAB_MAX; i++) {
 237   2          if (!CMD_ReadBlockSlot(i, out)) continue;
 238   2          for (j = 0; j < BLOCK_NAME_LEN; j++) {
 239   3            if (name[j] == '\0') break;
 240   3            if (out->name[j] != (uint8_t)name[j]) break;
C51 COMPILER V9.59.0.0   COMMANDPARSER                                                     09/30/2026 23:25:46 PAGE 5   

 241   3          }
 242   2          if (name[j] == '\0') return i;
 243   2        }
 244   1        return 0xFFFF;
 245   1      }
 246          
 247          static uint8_t CMD_BlockNameExists(char *name) {
 248   1        block_entry_t b;
 249   1        return (CMD_LoadBlockByName(name, &b) != 0xFFFF) ? 1 : 0;
 250   1      }
 251          
 252          static void CMD_SetBlockName(block_entry_t *blk, char *name) {
 253   1        uint8_t j;
 254   1        for (j = 0; j < BLOCK_NAME_LEN; j++) blk->name[j] = 0;
 255   1        if (name == 0) return;
 256   1        for (j = 0; j < BLOCK_NAME_LEN && name[j] != '\0'; j++) blk->name[j] = (uint8_t)name[j];
 257   1      }
 258          
 259          static void CMD_GetBlockName(const block_entry_t *blk, char *out) {
 260   1        uint8_t j;
 261   1        for (j = 0; j < BLOCK_NAME_LEN; j++) out[j] = (char)blk->name[j];
 262   1        out[BLOCK_NAME_LEN] = '\0';
 263   1      }
 264          
 265          /* ---- KV index management ---- */
 266          
 267          static uint16_t CMD_KvEntryOff(uint16_t idx) {
 268   1        return (uint16_t)(FIRST_BLOCK_KVIDX + idx * KVIDX_REC_SIZE);
 269   1      }
 270          
 271          static void CMD_ReadKvEntry(uint16_t idx, kv_entry_t *e) {
 272   1        uint16_t off = CMD_KvEntryOff(idx);
 273   1        e->block_id  = CMD_ReadU16((uint16_t)(off + 0));
 274   1        e->key_len   = CMD_ReadU16((uint16_t)(off + 2));
 275   1        e->key_off   = CMD_ReadU16((uint16_t)(off + 4));
 276   1        e->slave     = EEPROM_ReadByte((uint16_t)(off + 6));
 277   1        e->data_addr = CMD_ReadU16((uint16_t)(off + 7));
 278   1        e->data_len  = CMD_ReadU16((uint16_t)(off + 9));
 279   1        e->enc_algo  = EEPROM_ReadByte((uint16_t)(off + 11));
 280   1        e->flags     = EEPROM_ReadByte((uint16_t)(off + 12));
 281   1      }
 282          
 283          static void CMD_WriteKvEntry(uint16_t idx, const kv_entry_t *e) {
 284   1        uint16_t off = CMD_KvEntryOff(idx);
 285   1        CMD_WriteU16((uint16_t)(off + 0), e->block_id);
 286   1        CMD_WriteU16((uint16_t)(off + 2), e->key_len);
 287   1        CMD_WriteU16((uint16_t)(off + 4), e->key_off);
 288   1        EEPROM_WriteByte((uint16_t)(off + 6), e->slave);
 289   1        CMD_WriteU16((uint16_t)(off + 7), e->data_addr);
 290   1        CMD_WriteU16((uint16_t)(off + 9), e->data_len);
 291   1        EEPROM_WriteByte((uint16_t)(off + 11), e->enc_algo);
 292   1        EEPROM_WriteByte((uint16_t)(off + 12), e->flags);
 293   1      }
 294          
 295          static uint16_t CMD_FindKeyIdx(uint16_t block_id, const char *key) {
 296   1        uint16_t klen = (uint16_t)strlen(key);
 297   1        uint16_t i;
 298   1        for (i = 0; i < KVIDX_MAX; i++) {
 299   2          kv_entry_t e;
 300   2          uint16_t k;
 301   2          CMD_ReadKvEntry(i, &e);
 302   2          if (e.block_id != block_id) continue;
C51 COMPILER V9.59.0.0   COMMANDPARSER                                                     09/30/2026 23:25:46 PAGE 6   

 303   2          if (!(e.flags & KV_FLAG_VALID)) continue;
 304   2          if (e.key_len != klen) continue;
 305   2          for (k = 0; k < klen; k++) {
 306   3            if (EEPROM_ReadByte((uint16_t)(e.key_off + k)) != (uint8_t)key[k]) break;
 307   3          }
 308   2          if (k == klen) return i;
 309   2        }
 310   1        return 0xFFFF;
 311   1      }
 312          
 313          static uint16_t CMD_AllocKvSlot(void) {
 314   1        uint16_t i;
 315   1        for (i = 0; i < KVIDX_MAX; i++) {
 316   2          if (CMD_ReadU16(CMD_KvEntryOff(i)) == 0xFFFF) return i;
 317   2        }
 318   1        return 0xFFFF;
 319   1      }
 320          
 321          static uint16_t CMD_KeyPoolAlloc(uint16_t len) {
 322   1        uint16_t i, end = (uint16_t)(FIRST_BLOCK_KVIDX + KVIDX_MAX * KVIDX_REC_SIZE);
 323   1        for (i = 0; i < KVIDX_MAX; i++) {
 324   2          kv_entry_t e;
 325   2          CMD_ReadKvEntry(i, &e);
 326   2          if (e.block_id == 0xFFFF) continue;
 327   2          if ((uint16_t)(e.key_off + e.key_len) > end) end = (uint16_t)(e.key_off + e.key_len);
 328   2        }
 329   1        if ((uint32_t)end + len > FIRST_BLOCK_BITMAP) return 0xFFFF;
 330   1        return end;
 331   1      }
 332          
 333          /* ---- Data plane KV_RECORD serialization ---- */
 334          
 335          static uint16_t CMD_KvRecLen(uint16_t key_len, uint16_t val_len) {
 336   1        return (uint16_t)(KV_REC_HDR_LEN + key_len + val_len + 2 + 1 + 1);
 337   1      }
 338          
 339          static uint16_t CMD_AppendKvRecord(uint16_t block_id, const char *key,
 340                                             const uint8_t *value, uint16_t val_len,
 341                                             uint8_t enc_algo, uint8_t flags) {
 342   1        uint16_t key_len = (uint16_t)strlen(key);
 343   1        uint16_t total   = CMD_KvRecLen(key_len, val_len);
 344   1        uint16_t addr    = CMD_ReadU16(CFG_ADDR_DATA_NEXT);
 345   1        uint16_t total_cap = CMD_ReadU16(CFG_ADDR_DATA_TOTAL);
 346   1        uint16_t i;
 347   1      
 348   1        if (total_cap < DATA_BODY_START) return 0xFFFF;
 349   1        if (addr < DATA_BODY_START) return 0xFFFF;
 350   1        if ((uint32_t)addr + total > total_cap) return 0xFFFF;
 351   1      
 352   1        EEPROM_SetAddress(IC_1_24CXX);
 353   1        EEPROM_WriteByte((uint16_t)(addr + 0x00), KV_REC_MAGIC);
 354   1        EEPROM_WriteByte((uint16_t)(addr + 0x01), KV_REC_STATE_VALID);
 355   1        CMD_WriteU16((uint16_t)(addr + KV_OFF_BLOCK_ID), block_id);
 356   1        CMD_WriteU16((uint16_t)(addr + KV_OFF_KEY_LEN), key_len);
 357   1        CMD_WriteU16((uint16_t)(addr + KV_OFF_VAL_LEN), val_len);
 358   1        EEPROM_WriteByte((uint16_t)(addr + KV_OFF_ENC_ALGO), enc_algo);
 359   1        EEPROM_WriteByte((uint16_t)(addr + KV_OFF_FLAGS), flags);
 360   1        EEPROM_WriteByte((uint16_t)(addr + KV_OFF_IV_LEN), 0);
 361   1        for (i = 0; i < 16; i++) EEPROM_WriteByte((uint16_t)(addr + KV_OFF_IV + i), 0x00);
 362   1        EEPROM_WriteByte((uint16_t)(addr + KV_OFF_TAG_LEN), 0);
 363   1        for (i = 0; i < 16; i++) EEPROM_WriteByte((uint16_t)(addr + KV_OFF_TAG + i), 0x00);
 364   1        for (i = 0; i < key_len; i++)
C51 COMPILER V9.59.0.0   COMMANDPARSER                                                     09/30/2026 23:25:46 PAGE 7   

 365   1          EEPROM_WriteByte((uint16_t)(addr + KV_OFF_KEY + i), (uint8_t)key[i]);
 366   1        for (i = 0; i < val_len; i++)
 367   1          EEPROM_WriteByte((uint16_t)(addr + KV_OFF_KEY + key_len + i), value[i]);
 368   1        {
 369   2          uint16_t crc_addr = (uint16_t)(addr + KV_OFF_KEY + key_len + val_len);
 370   2          uint16_t crc = 0;
 371   2          for (i = 0; i < val_len; i++) crc = (uint16_t)(crc + (uint16_t)value[i] * (i + 1));
 372   2          CMD_WriteU16(crc_addr, crc);
 373   2          EEPROM_WriteByte((uint16_t)(crc_addr + 2), KV_REC_VER);
 374   2          EEPROM_WriteByte((uint16_t)(crc_addr + 3), KV_REC_ETX);
 375   2        }
 376   1        addr = (uint16_t)(addr + total);
 377   1        CMD_WriteU16(CFG_ADDR_DATA_NEXT, addr);
 378   1        {
 379   2          uint16_t used = CMD_ReadU16(CFG_ADDR_DATA_USED);
 380   2          uint16_t hwm  = CMD_ReadU16(CFG_ADDR_DATA_HWM);
 381   2          used = (uint16_t)(used + total);
 382   2          if (addr > hwm) hwm = addr;
 383   2          CMD_WriteU16(CFG_ADDR_DATA_USED, used);
 384   2          CMD_WriteU16(CFG_ADDR_DATA_HWM, hwm);
 385   2          if (total_cap > 0) {
 386   3            CMD_WriteU16(CFG_ADDR_DATA_FREE, (uint16_t)(total_cap - used));
 387   3            EEPROM_WriteByte(CFG_ADDR_DATA_USAGE, (uint8_t)(((uint32_t)used * 100u) / total_cap));
 388   3          }
 389   2        }
 390   1        return (uint16_t)(addr - total);
 391   1      }
 392          
 393          /* 读记录头部长度字段：val_len 经 *val_len 返回，key_len 作返回值。
 394           * 记录地址非法或魔数不符时返回 0xFFFF。集中处理、避免各站重复算偏移。 */
 395          static uint16_t CMD_ReadKvRecordLens(uint16_t data_addr, uint16_t *val_len) {
 396   1        if (data_addr < DATA_BODY_START) return 0xFFFF;
 397   1        EEPROM_SetAddress(IC_1_24CXX);
 398   1        if (EEPROM_ReadByte(data_addr) != KV_REC_MAGIC) return 0xFFFF;
 399   1        *val_len = CMD_ReadU16((uint16_t)(data_addr + KV_OFF_VAL_LEN));
 400   1        return CMD_ReadU16((uint16_t)(data_addr + KV_OFF_KEY_LEN));
 401   1      }
 402          
 403          static void CMD_DeleteKvRecord(uint16_t data_addr) {
 404   1        if (data_addr < DATA_BODY_START) return;
 405   1        EEPROM_SetAddress(IC_1_24CXX);
 406   1        EEPROM_WriteByte((uint16_t)(data_addr + 0x01), KV_REC_STATE_DEL);
 407   1      }
 408          
 409          /* 通用槽位释放：删数据记录(墓碑) + 清索引项(block_id 置 0xFFFF)。
 410           * 复用于 DELETE KEY / 块清理 / 块格式化，避免三处各写一遍。 */
 411          static void CMD_FreeKvSlot(uint16_t idx) {
 412   1        kv_entry_t e;
 413   1        CMD_ReadKvEntry(idx, &e);
 414   1        if (e.block_id == 0xFFFF) return;
 415   1        if (e.flags & KV_FLAG_VALID) CMD_DeleteKvRecord(e.data_addr);
 416   1        EEPROM_SetAddress(IC_0_24C64);
 417   1        CMD_WriteU16(CMD_KvEntryOff(idx), 0xFFFF);
 418   1      }
 419          
 420          static uint8_t CMD_UpdateKvRecordValue(uint16_t data_addr, const uint8_t *value, uint16_t val_len) {
 421   1        uint16_t key_len, i;
 422   1        if (data_addr < DATA_BODY_START) return 0;
 423   1        EEPROM_SetAddress(IC_1_24CXX);
 424   1        if (EEPROM_ReadByte(data_addr) != KV_REC_MAGIC) return 0;
 425   1        key_len = CMD_ReadU16((uint16_t)(data_addr + KV_OFF_KEY_LEN));
 426   1        for (i = 0; i < val_len; i++)
C51 COMPILER V9.59.0.0   COMMANDPARSER                                                     09/30/2026 23:25:46 PAGE 8   

 427   1          EEPROM_WriteByte((uint16_t)(data_addr + KV_OFF_KEY + key_len + i), value[i]);
 428   1        return 1;
 429   1      }
 430          
 431          /* 统一入口：block_flag=="0" 时按名字定位，否则按数字 id 定位。
 432           * 找到返回槽位索引(0..BLOCK_TAB_MAX-1)，未找到返回 0xFFFF。 */
 433          static uint16_t CMD_ResolveBlock(char *block_flag, char *block_identifier,
 434                                           block_entry_t *out) {
 435   1        if (CMD_Compare(block_flag, "0"))
 436   1          return CMD_LoadBlockByName(block_identifier, out);
 437   1        return CMD_LoadBlockById(CMD_AtoU16(block_identifier), out);
 438   1      }
 439          
 440          /* 统一的 KV 写入：idx==0xFFFF 表示新建（分配槽位/键池，kv_count+1），
 441           * 否则更新既有槽位（等长原地覆写，否则删旧记录+追新记录+回写索引）。
 442           * 成功返回 ERR_OK；已回带 ERR 应答。 */
 443          static uint8_t CMD_PutKeyValue(block_entry_t *blk, uint16_t blk_slot,
 444                                         uint16_t idx, const char *key,
 445                                         const uint8_t *value, uint16_t val_len) {
 446   1        kv_entry_t e;
 447   1        uint16_t key_len = (uint16_t)strlen(key);
 448   1        uint16_t kv_slot = idx, key_off, data_addr;
 449   1      
 450   1        if (key_len == 0) { CMD_Reply("ERR", ERR_PARAM); return ERR_PARAM; }
 451   1      
 452   1        if (idx == 0xFFFF) {
 453   2          /* 新建：分配索引槽 + 键池空间 */
 454   2          kv_slot = CMD_AllocKvSlot();
 455   2          if (kv_slot == 0xFFFF) { CMD_Reply("ERR", ERR_BITMAP_FULL); return ERR_BITMAP_FULL; }
 456   2          EEPROM_SetAddress(IC_0_24C64);
 457   2          key_off = CMD_KeyPoolAlloc(key_len);
 458   2          if (key_off == 0xFFFF) { CMD_Reply("ERR", ERR_DATA_FULL); return ERR_DATA_FULL; }
 459   2          { uint16_t i; for (i = 0; i < key_len; i++)
 460   3              EEPROM_WriteByte((uint16_t)(key_off + i), (uint8_t)key[i]); }
 461   2          e.enc_algo = ENC_ALGO_NONE;
 462   2          e.flags    = KV_FLAG_VALID;
 463   2        } else {
 464   2          /* 更新：读旧索引项，等长就地覆写，否则删旧+追新 */
 465   2          CMD_ReadKvEntry(idx, &e);
 466   2          if (e.data_len == val_len && CMD_UpdateKvRecordValue(e.data_addr, value, val_len)) {
 467   3            return ERR_OK;
 468   3          }
 469   2          key_off = e.key_off;
 470   2          if (e.flags & KV_FLAG_VALID) CMD_DeleteKvRecord(e.data_addr);
 471   2        }
 472   1      
 473   1        data_addr = CMD_AppendKvRecord(blk->block_id, key, value, val_len,
 474   1                                       e.enc_algo, KV_FLAG_VALID);
 475   1        if (data_addr == 0xFFFF) { CMD_Reply("ERR", ERR_DATA_FULL); return ERR_DATA_FULL; }
 476   1      
 477   1        e.block_id  = blk->block_id;
 478   1        e.key_len   = key_len;
 479   1        e.key_off   = key_off;
 480   1        e.slave     = IC_1_24CXX;
 481   1        e.data_addr = data_addr;
 482   1        e.data_len  = val_len;
 483   1        EEPROM_SetAddress(IC_0_24C64);
 484   1        CMD_WriteKvEntry(kv_slot, &e);
 485   1        if (idx == 0xFFFF) {
 486   2          blk->kv_count = (uint16_t)(blk->kv_count + 1);
 487   2          CMD_WriteBlockSlot(blk_slot, blk);
 488   2        }
C51 COMPILER V9.59.0.0   COMMANDPARSER                                                     09/30/2026 23:25:46 PAGE 9   

 489   1        return ERR_OK;
 490   1      }
 491          
 492          static uint8_t CMD_DoCreateBlock(char *name) {
 493   1        block_entry_t blk;
 494   1        uint16_t slot;
 495   1        if (name == 0 || strlen(name) == 0) { CMD_Reply("ERR", ERR_PARAM); return 0; }
 496   1        if (CMD_BlockNameExists(name)) { CMD_Reply("ERR", ERR_BLOCK_EXIST); return 0; }
 497   1        slot = CMD_FindFreeBlockSlot();
 498   1        if (slot == 0xFFFF) { CMD_Reply("ERR", ERR_BITMAP_FULL); return 0; }
 499   1        blk.block_id     = CMD_NextBlockId();
 500   1        CMD_SetBlockName(&blk, name);
 501   1        blk.flags        = 0;
 502   1        blk.kv_count     = 0;
 503   1        blk.kv_index_off = FIRST_BLOCK_KVIDX;
 504   1        blk.kv_index_len = 0;
 505   1        CMD_WriteBlockSlot(slot, &blk);
 506   1        Uart1_SendString("DATA+");
 507   1        Uart1_SendNumber(blk.block_id);
 508   1        Uart1_SendString("\r\n");
 509   1        return 1;
 510   1      }
 511          
 512          static uint8_t CMD_DoCreateKey(char *block_flag, char *block_identifier,
 513                                         char *key, char *value) {
 514   1        block_entry_t blk;
 515   1        uint16_t slot;
 516   1        uint16_t val_len = (uint16_t)strlen(value);
 517   1      
 518   1        slot = CMD_ResolveBlock(block_flag, block_identifier, &blk);
 519   1        if (slot == 0xFFFF) { CMD_Reply("ERR", ERR_BLOCK_NOT_FOUND); return 0; }
 520   1        if (CMD_FindKeyIdx(blk.block_id, key) != 0xFFFF) { CMD_Reply("ERR", ERR_KEY_EXIST); return 0; }
 521   1        return (CMD_PutKeyValue(&blk, slot, 0xFFFF, key, (const uint8_t *)value, val_len) == ERR_OK);
 522   1      }
 523          
 524          static void CMD_EmitBlockKv(uint16_t block_id) {
 525   1        uint16_t i, count = 0;
 526   1        for (i = 0; i < KVIDX_MAX; i++) {
 527   2          kv_entry_t e;
 528   2          uint16_t k, val_len, key_len;
 529   2          CMD_ReadKvEntry(i, &e);
 530   2          if (e.block_id != block_id) continue;
 531   2          if (!(e.flags & KV_FLAG_VALID)) continue;
 532   2          if (count > 0) Uart1_SendString(",");
 533   2          for (k = 0; k < e.key_len; k++)
 534   2            Uart1_SendByte(EEPROM_ReadByte((uint16_t)(e.key_off + k)));
 535   2          Uart1_SendString("=");
 536   2          key_len = CMD_ReadKvRecordLens(e.data_addr, &val_len);
 537   2          if (key_len == 0xFFFF) { count++; continue; }
 538   2          for (k = 0; k < val_len; k++)
 539   2            Uart1_SendByte(EEPROM_ReadByte((uint16_t)(e.data_addr + KV_OFF_KEY + key_len + k)));
 540   2          count++;
 541   2        }
 542   1      }
 543          
 544          static void CMD_EmitBlockEntry(block_entry_t *blk) {
 545   1        char name[BLOCK_NAME_LEN + 1];
 546   1        CMD_GetBlockName(blk, name);
 547   1        Uart1_SendString("[");
 548   1        Uart1_SendString(name);
 549   1        Uart1_SendString(";");
 550   1        Uart1_SendNumber(blk->block_id);
C51 COMPILER V9.59.0.0   COMMANDPARSER                                                     09/30/2026 23:25:46 PAGE 10  

 551   1        Uart1_SendString("](");
 552   1        CMD_EmitBlockKv(blk->block_id);
 553   1        Uart1_SendString(")");
 554   1      }
 555          
 556          static void CMD_PurgeBlockKv(uint16_t block_id) {
 557   1        uint16_t i;
 558   1        for (i = 0; i < KVIDX_MAX; i++) {
 559   2          kv_entry_t e;
 560   2          CMD_ReadKvEntry(i, &e);
 561   2          if (e.block_id != block_id) continue;
 562   2          CMD_FreeKvSlot(i);
 563   2        }
 564   1      }
 565          
 566          static void CMD_EmitAllBlocks(void) {
 567   1        block_entry_t blk;
 568   1        uint16_t i, n = 0;
 569   1        Uart1_SendString("DATA+");
 570   1        for (i = 0; i < BLOCK_TAB_MAX; i++) {
 571   2          if (!CMD_ReadBlockSlot(i, &blk)) continue;
 572   2          if (n > 0) Uart1_SendString("|");
 573   2          CMD_EmitBlockEntry(&blk);
 574   2          n++;
 575   2        }
 576   1        Uart1_SendString("\r\n");
 577   1      }
 578          
 579          /* 删除一个已定位的块：清空其 KV 并释放块表槽位。block_flag=="0" 用名字定位。 *
             -/
 580          static void CMD_DoDeleteBlock(char *block_flag, char *block_identifier, uint8_t by_id) {
 581   1        block_entry_t blk;
 582   1        uint16_t slot;
 583   1        if (by_id)
 584   1          slot = CMD_LoadBlockById(CMD_AtoU16(block_identifier), &blk);
 585   1        else
 586   1          slot = CMD_ResolveBlock(block_flag, block_identifier, &blk);
 587   1        if (slot == 0xFFFF) { CMD_Reply("ERR", ERR_BLOCK_NOT_FOUND); return; }
 588   1        CMD_PurgeBlockKv(blk.block_id);
 589   1        EEPROM_SetAddress(IC_0_24C64);
 590   1        CMD_ClearBlockSlot(slot);
 591   1        CMD_Reply("RESULT", ERR_OK);
 592   1      }
 593          
 594          /* ---- Start commands ---- */
 595          
 596          void CMD_INIT(char *device_name, char *password,
 597                        uint8_t encrypt_type, uint8_t data_size_code) {
 598   1        cfg_t cfg;
 599   1        if (device_name == 0 || strlen(device_name) == 0) { CMD_Reply("ERR", ERR_PARAM); return; }
 600   1        if (data_size_code > DATA_SIZE_MAX) { CMD_Reply("ERR", ERR_SIZE_CODE_INVALID); return; }
 601   1        if (data_size_code == 0) data_size_code = DATA_SIZE_24C64;
 602   1      
 603   1        EEPROM_SetAddress(IC_0_24C64);
 604   1        EEPROM_Fill(0, DEV_EEPROM_SIZE, 0x00);
 605   1      
 606   1        ConfigMgr_Defaults(&cfg);
 607   1        ConfigMgr_SetName(&cfg, device_name);
 608   1        ConfigMgr_SetPassword(&cfg, password);
 609   1        cfg.encrypt = encrypt_type;
 610   1        cfg.flags |= FLAG_INITIALIZED;
 611   1        ConfigMgr_Save(&cfg);
C51 COMPILER V9.59.0.0   COMMANDPARSER                                                     09/30/2026 23:25:46 PAGE 11  

 612   1      
 613   1        StorageMgr_InitDevice(device_name, password, data_size_code);
 614   1      
 615   1        s_authed = 1;
 616   1        s_auth_tick = SESSION_TIMEOUT_TICKS;
 617   1        CMD_Reply("RESULT", ERR_OK);
 618   1      }
 619          
 620          void CMD_ECHO(void) { CMD_Reply("RESULT", ERR_OK); }
 621          
 622          void CMD_INFO(void) {
 623   1        uint8_t i;
 624   1        uint8_t flags, enc_type, block_cnt = 0;
 625   1        uint16_t key_cnt = 0;
 626   1        char name[CFG_NAME_LEN + 1];
 627   1      
 628   1        flags = ConfigMgr_GetFlags();
 629   1        if (!(flags & FLAG_INITIALIZED)) {
 630   2          Uart1_SendString("INIT=0+");
 631   2          Uart1_SendString(FIRMWARE_VERSION);
 632   2          Uart1_SendString("\r\n");
 633   2          return;
 634   2        }
 635   1        for (i = 0; i < CFG_NAME_LEN; i++) name[i] = (char)EEPROM_ReadByte(CFG_ADDR_NAME + i);
 636   1        name[CFG_NAME_LEN] = '\0';
 637   1        {
 638   2          block_entry_t blk;
 639   2          uint16_t b, k;
 640   2          for (b = 0; b < BLOCK_TAB_MAX; b++) {
 641   3            if (!CMD_ReadBlockSlot(b, &blk)) continue;
 642   3            block_cnt++;
 643   3            for (k = 0; k < KVIDX_MAX; k++) {
 644   4              kv_entry_t e;
 645   4              CMD_ReadKvEntry(k, &e);
 646   4              if (e.block_id == blk.block_id && (e.flags & KV_FLAG_VALID)) key_cnt++;
 647   4            }
 648   3          }
 649   2        }
 650   1        enc_type = EEPROM_ReadByte(CFG_ADDR_ENC_ALGO);
 651   1        Uart1_SendString("INFO+");
 652   1        Uart1_SendString(name);
 653   1        Uart1_SendString("+");
 654   1        Uart1_SendString(FIRMWARE_VERSION);
 655   1        Uart1_SendString("+");
 656   1        Uart1_SendString((flags & FLAG_PWD_AUTH) ? "ENABLED" : "DISABLED");
 657   1        Uart1_SendString("+");
 658   1        Uart1_SendNumber(ConfigMgr_GetAccessCount());
 659   1        Uart1_SendString("+");
 660   1        Uart1_SendNumber(block_cnt);
 661   1        Uart1_SendString("+");
 662   1        Uart1_SendNumber(key_cnt);
 663   1        Uart1_SendString("+");
 664   1        switch (enc_type) {
 665   2          case ENC_ALGO_AES128_CBC: Uart1_SendString("AES");   break;
 666   2          case ENC_ALGO_AES128_GCM: Uart1_SendString("AES");   break;
 667   2          case ENC_ALGO_XOR:        Uart1_SendString("XOR");   break;
 668   2          case ENC_ALGO_CAESAR:     Uart1_SendString("CESAR"); break;
 669   2          case ENC_ALGO_RC4:        Uart1_SendString("RC4");   break;
 670   2          default:                  Uart1_SendString("NON");   break;
 671   2        }
 672   1        Uart1_SendString("+");
 673   1        Uart1_SendNumber((uint16_t)((uint16_t)EEPROM_ReadByte(CFG_ADDR_DEV_SIZE) * 2048));
C51 COMPILER V9.59.0.0   COMMANDPARSER                                                     09/30/2026 23:25:46 PAGE 12  

 674   1        Uart1_SendString("\r\n");
 675   1      }
 676          
 677          void CMD_STATUS(void) {
 678   1        Uart1_SendString("STATUS+");
 679   1        Uart1_SendNumber(s_task);
 680   1        Uart1_SendString("\r\n");
 681   1      }
 682          
 683          void CMD_USAGE(void) {
 684   1        Uart1_SendString("USAGE+");
 685   1        Uart1_SendNumber(CMD_ReadU16(CFG_ADDR_DATA_TOTAL));
 686   1        Uart1_SendString("+");
 687   1        Uart1_SendNumber(CMD_ReadU16(CFG_ADDR_DATA_USED));
 688   1        Uart1_SendString("+");
 689   1        Uart1_SendNumber(CMD_ReadU16(CFG_ADDR_DATA_FREE));
 690   1        Uart1_SendString("+");
 691   1        Uart1_SendNumber(CMD_ReadU16(CFG_ADDR_DATA_HWM));
 692   1        Uart1_SendString("+");
 693   1        Uart1_SendNumber(CMD_ReadU16(CFG_ADDR_DATA_NEXT));
 694   1        Uart1_SendString("+");
 695   1        Uart1_SendNumber(EEPROM_ReadByte(CFG_ADDR_DATA_USAGE));
 696   1        Uart1_SendString("\r\n");
 697   1      }
 698          
 699          void CMD_VERSION(void) {
 700   1        Uart1_SendString("VERSION+");
 701   1        Uart1_SendString(FIRMWARE_VERSION);
 702   1        Uart1_SendString("+");
 703   1        Uart1_SendString(PROTOCOL_VERSION);
 704   1        Uart1_SendString("+");
 705   1        Uart1_SendString(STORAGE_FMT_VER);
 706   1        Uart1_SendString("\r\n");
 707   1      }
 708          
 709          /* ---- AUTH ---- */
 710          
 711          void CMD_AUTH_CREATE(char *password) {
 712   1        cfg_t cfg;
 713   1        ConfigMgr_Load(&cfg);
 714   1        ConfigMgr_SetPassword(&cfg, password);
 715   1        cfg.flags |= (FLAG_PWD_AUTH | FLAG_INITIALIZED);
 716   1        ConfigMgr_Save(&cfg);
 717   1        s_authed = 1;
 718   1        s_auth_tick = SESSION_TIMEOUT_TICKS;
 719   1        Uart1_SendString("AUTH+0\r\n");
 720   1      }
 721          
 722          void CMD_AUTH_VERIFY(char *password) {
 723   1        cfg_t cfg;
 724   1        uint8_t r;
 725   1        ConfigMgr_Load(&cfg);
 726   1        r = CMD_PwdMatches(&cfg, password);
 727   1        if (r == 2) { Uart1_SendString("AUTH+2\r\n"); s_authed = 1; return; }
 728   1        if (r) {
 729   2          s_authed = 1;
 730   2          s_auth_tick = SESSION_TIMEOUT_TICKS;
 731   2          Uart1_SendString("AUTH+0\r\n");
 732   2        } else {
 733   2          s_authed = 0;
 734   2          Uart1_SendString("AUTH+1\r\n");
 735   2        }
C51 COMPILER V9.59.0.0   COMMANDPARSER                                                     09/30/2026 23:25:46 PAGE 13  

 736   1      }
 737          
 738          void CMD_AUTH_ENABLE(void) {
 739   1        cfg_t cfg;
 740   1        ConfigMgr_Load(&cfg);
 741   1        cfg.flags |= FLAG_PWD_AUTH;
 742   1        ConfigMgr_Save(&cfg);
 743   1        Uart1_SendString("AUTH+0\r\n");
 744   1      }
 745          
 746          void CMD_AUTH_DISABLE(void) {
 747   1        cfg_t cfg;
 748   1        ConfigMgr_Load(&cfg);
 749   1        cfg.flags &= (uint8_t)~FLAG_PWD_AUTH;
 750   1        ConfigMgr_Save(&cfg);
 751   1        s_authed = 1;
 752   1        Uart1_SendString("AUTH+0\r\n");
 753   1      }
 754          
 755          void CMD_AUTH_VERIFYOUT(void) {
 756   1        s_authed = 0;
 757   1        s_auth_tick = 0;
 758   1        Uart1_SendString("AUTH+0\r\n");
 759   1      }
 760          
 761          void CMD_AUTH_CHANGE(char *old_pass, char *new_pass) {
 762   1        cfg_t cfg;
 763   1        ConfigMgr_Load(&cfg);
 764   1        /* 已设密码则必须校验旧密码；未设密码直接改 */
 765   1        if (CMD_PwdMatches(&cfg, old_pass) == 0) { Uart1_SendString("AUTH+1\r\n"); return; }
 766   1        ConfigMgr_SetPassword(&cfg, new_pass);
 767   1        cfg.flags |= FLAG_PWD_AUTH;
 768   1        ConfigMgr_Save(&cfg);
 769   1        Uart1_SendString("AUTH+0\r\n");
 770   1      }
 771          
 772          void CMD_AUTH_RESET(char *recovery_key) {
 773   1        if (CMD_Compare(recovery_key, "ARCHIVUM")) {
 774   2          cfg_t cfg;
 775   2          uint8_t i;
 776   2          ConfigMgr_Load(&cfg);
 777   2          cfg.flags &= (uint8_t)~FLAG_PWD_AUTH;
 778   2          for (i = 0; i < 16; i++) cfg.pwd_hash[i] = 0;
 779   2          ConfigMgr_Save(&cfg);
 780   2          Uart1_SendString("AUTH+0\r\n");
 781   2        } else {
 782   2          Uart1_SendString("AUTH+1\r\n");
 783   2        }
 784   1      }
 785          
 786          /* ---- READ ---- */
 787          
 788          void CMD_READ(char *unit) {
 789   1        s_task = TASK_READ;
 790   1        if (CMD_Compare(unit, "BLOCK")) CMD_READ_ALL_BLOCK();
 791   1        else CMD_Reply("ERR", ERR_PARAM);
 792   1        s_task = TASK_IDLE;
 793   1      }
 794          
 795          void CMD_READ_ALL_BLOCK(void) {
 796   1        if (!CMD_Begin(TASK_READ, 0)) return;
 797   1        CMD_EmitAllBlocks();
C51 COMPILER V9.59.0.0   COMMANDPARSER                                                     09/30/2026 23:25:46 PAGE 14  

 798   1        s_task = TASK_IDLE;
 799   1      }
 800          
 801          void CMD_READ_BLOCK(char *block_id) {
 802   1        block_entry_t blk;
 803   1        uint16_t slot;
 804   1        char name[BLOCK_NAME_LEN + 1];
 805   1        uint16_t i, n = 0;
 806   1        if (!CMD_Begin(TASK_READ, 0)) return;
 807   1        slot = CMD_LoadBlockById(CMD_AtoU16(block_id), &blk);
 808   1        if (slot == 0xFFFF) { CMD_Reply("ERR", ERR_BLOCK_NOT_FOUND); s_task = TASK_IDLE; return; }
 809   1        CMD_GetBlockName(&blk, name);
 810   1        Uart1_SendString("DATA+");
 811   1        Uart1_SendNumber(blk.block_id);
 812   1        Uart1_SendString(";");
 813   1        Uart1_SendString(name);
 814   1        Uart1_SendString("|");
 815   1        for (i = 0; i < KVIDX_MAX; i++) {
 816   2          kv_entry_t e;
 817   2          uint16_t k;
 818   2          CMD_ReadKvEntry(i, &e);
 819   2          if (e.block_id != blk.block_id) continue;
 820   2          if (!(e.flags & KV_FLAG_VALID)) continue;
 821   2          if (n > 0) Uart1_SendString("|");
 822   2          for (k = 0; k < e.key_len; k++)
 823   2            Uart1_SendByte(EEPROM_ReadByte((uint16_t)(e.key_off + k)));
 824   2          n++;
 825   2        }
 826   1        Uart1_SendString("\r\n");
 827   1        s_task = TASK_IDLE;
 828   1      }
 829          
 830          void CMD_READ_BLOCK_NAME(char *block_name) {
 831   1        block_entry_t blk;
 832   1        uint16_t slot;
 833   1        char name[BLOCK_NAME_LEN + 1];
 834   1        if (!CMD_Begin(TASK_READ, 0)) return;
 835   1        slot = CMD_LoadBlockByName(block_name, &blk);
 836   1        if (slot == 0xFFFF) { CMD_Reply("ERR", ERR_BLOCK_NOT_FOUND); s_task = TASK_IDLE; return; }
 837   1        CMD_GetBlockName(&blk, name);
 838   1        Uart1_SendString("DATA+");
 839   1        Uart1_SendString(name);
 840   1        Uart1_SendString("?id=");
 841   1        Uart1_SendNumber(blk.block_id);
 842   1        Uart1_SendString("\r\n");
 843   1        s_task = TASK_IDLE;
 844   1      }
 845          
 846          void CMD_READ_KEY(char *block_id, char *key) {
 847   1        block_entry_t blk;
 848   1        uint16_t slot, idx;
 849   1        kv_entry_t e;
 850   1        uint16_t i, val_len, key_len;
 851   1        if (!CMD_Begin(TASK_READ, 0)) return;
 852   1        slot = CMD_LoadBlockById(CMD_AtoU16(block_id), &blk);
 853   1        if (slot == 0xFFFF) { CMD_Reply("ERR", ERR_BLOCK_NOT_FOUND); s_task = TASK_IDLE; return; }
 854   1        idx = CMD_FindKeyIdx(blk.block_id, key);
 855   1        if (idx == 0xFFFF) { CMD_Reply("ERR", ERR_KEY_NOT_FOUND); s_task = TASK_IDLE; return; }
 856   1        CMD_ReadKvEntry(idx, &e);
 857   1        key_len = CMD_ReadKvRecordLens(e.data_addr, &val_len);
 858   1        if (key_len == 0xFFFF) { CMD_Reply("ERR", ERR_KEY_NOT_FOUND); s_task = TASK_IDLE; return; }
 859   1        Uart1_SendString("DATA+");
C51 COMPILER V9.59.0.0   COMMANDPARSER                                                     09/30/2026 23:25:46 PAGE 15  

 860   1        for (i = 0; i < val_len; i++)
 861   1          Uart1_SendByte(EEPROM_ReadByte((uint16_t)(e.data_addr + KV_OFF_KEY + key_len + i)));
 862   1        Uart1_SendString("\r\n");
 863   1        s_task = TASK_IDLE;
 864   1      }
 865          
 866          /* ---- WRITE ---- */
 867          
 868          void CMD_WRITE(char *block_id, char *key, char *key_value) {
 869   1        block_entry_t blk;
 870   1        uint16_t slot, idx;
 871   1        uint16_t val_len;
 872   1        if (!CMD_Begin(TASK_WRITE, 1)) return;
 873   1        slot = CMD_LoadBlockById(CMD_AtoU16(block_id), &blk);
 874   1        if (slot == 0xFFFF) { CMD_Reply("ERR", ERR_BLOCK_NOT_FOUND); s_task = TASK_IDLE; return; }
 875   1        val_len = (uint16_t)strlen(key_value);
 876   1        idx = CMD_FindKeyIdx(blk.block_id, key);
 877   1        /* idx==0xFFFF 时 CMD_PutKeyValue 内部走新建路径 */
 878   1        if (CMD_PutKeyValue(&blk, slot, idx, key, (const uint8_t *)key_value, val_len) == ERR_OK)
 879   1          CMD_Reply("RESULT", ERR_OK);
 880   1        s_task = TASK_IDLE;
 881   1      }
 882          
 883          void CMD_WRITE_RAW(char *block_id, char *key, char *hex) {
 884   1        uint8_t bin[64];
 885   1        uint8_t n;
 886   1        block_entry_t blk;
 887   1        uint16_t slot, idx;
 888   1        if (!CMD_Begin(TASK_WRITE, 1)) return;
 889   1        slot = CMD_LoadBlockById(CMD_AtoU16(block_id), &blk);
 890   1        if (slot == 0xFFFF) { CMD_Reply("ERR", ERR_BLOCK_NOT_FOUND); s_task = TASK_IDLE; return; }
 891   1        n = CMD_HexToBytes(hex, bin, sizeof(bin));
 892   1        idx = CMD_FindKeyIdx(blk.block_id, key);
 893   1        if (CMD_PutKeyValue(&blk, slot, idx, key, bin, n) == ERR_OK)
 894   1          CMD_Reply("RESULT", ERR_OK);
 895   1        s_task = TASK_IDLE;
 896   1      }
 897          
 898          /* ---- CREATE ---- */
 899          
 900          void CMD_CREATE_BLOCK(char *block_name, char *block_size) {
 901   1        /* 第二形参 block_size（USIZE/容量数值）当前按统一容量处理，仅接口兼容；
 902   1         * 用(void)标记意图（C275 已在文件头屏蔽） */
 903   1        (void)block_size;
*** WARNING C275 IN LINE 903 OF CommandParser.c: expression with possibly no effect
 904   1        if (!CMD_Begin(TASK_CREATE, 1)) return;
 905   1        CMD_DoCreateBlock(block_name);
 906   1        s_task = TASK_IDLE;
 907   1      }
 908          
 909          void CMD_CREATE_KEY(char *block_flag, char *block_identifier, char *key, char *value) {
 910   1        if (!CMD_Begin(TASK_CREATE, 1)) return;
 911   1        if (CMD_DoCreateKey(block_flag, block_identifier, key, value)) CMD_Reply("RESULT", ERR_OK);
 912   1        s_task = TASK_IDLE;
 913   1      }
 914          
 915          /* ---- DELETE ---- */
 916          
 917          void CMD_DELETE_BLOCK(char *block_id) {
 918   1        if (!CMD_Begin(TASK_DELETE, 1)) return;
 919   1        CMD_DoDeleteBlock(0, block_id, 1);
 920   1        s_task = TASK_IDLE;
C51 COMPILER V9.59.0.0   COMMANDPARSER                                                     09/30/2026 23:25:46 PAGE 16  

 921   1      }
 922          
 923          void CMD_DELETE_BLOCK_NAME(char *block_name) {
 924   1        if (!CMD_Begin(TASK_DELETE, 1)) return;
 925   1        CMD_DoDeleteBlock("0", block_name, 0);
 926   1        s_task = TASK_IDLE;
 927   1      }
 928          
 929          void CMD_DELETE_KEY(char *block_flag, char *block_identifier, char *key) {
 930   1        block_entry_t blk;
 931   1        uint16_t slot, idx;
 932   1        if (!CMD_Begin(TASK_DELETE, 1)) return;
 933   1        slot = CMD_ResolveBlock(block_flag, block_identifier, &blk);
 934   1        if (slot == 0xFFFF) { CMD_Reply("ERR", ERR_BLOCK_NOT_FOUND); s_task = TASK_IDLE; return; }
 935   1        idx = CMD_FindKeyIdx(blk.block_id, key);
 936   1        if (idx == 0xFFFF) { CMD_Reply("ERR", ERR_KEY_NOT_FOUND); s_task = TASK_IDLE; return; }
 937   1        CMD_FreeKvSlot(idx);
 938   1        if (blk.kv_count > 0) blk.kv_count--;
 939   1        CMD_WriteBlockSlot(slot, &blk);
 940   1        CMD_Reply("RESULT", ERR_OK);
 941   1        s_task = TASK_IDLE;
 942   1      }
 943          
 944          /* ---- UPDATE ---- */
 945          
 946          void CMD_UPDATE_BLOCK(char *block_id, char *new_name) {
 947   1        block_entry_t blk;
 948   1        uint16_t slot;
 949   1        if (!CMD_Begin(TASK_UPDATE, 1)) return;
 950   1        slot = CMD_LoadBlockById(CMD_AtoU16(block_id), &blk);
 951   1        if (slot == 0xFFFF) { CMD_Reply("ERR", ERR_BLOCK_NOT_FOUND); s_task = TASK_IDLE; return; }
 952   1        if (new_name && strlen(new_name) > 0) {
 953   2          CMD_SetBlockName(&blk, new_name);
 954   2          EEPROM_SetAddress(IC_0_24C64);
 955   2          CMD_WriteBlockSlot(slot, &blk);
 956   2        }
 957   1        CMD_Reply("RESULT", ERR_OK);
 958   1        s_task = TASK_IDLE;
 959   1      }
 960          
 961          void CMD_UPDATE_KEY(char *block_id, char *key, char *key_value) {
 962   1        block_entry_t blk;
 963   1        uint16_t slot, idx;
 964   1        uint16_t val_len;
 965   1        if (!CMD_Begin(TASK_UPDATE, 1)) return;
 966   1        slot = CMD_LoadBlockById(CMD_AtoU16(block_id), &blk);
 967   1        if (slot == 0xFFFF) { CMD_Reply("ERR", ERR_BLOCK_NOT_FOUND); s_task = TASK_IDLE; return; }
 968   1        idx = CMD_FindKeyIdx(blk.block_id, key);
 969   1        if (idx == 0xFFFF) { CMD_Reply("ERR", ERR_KEY_NOT_FOUND); s_task = TASK_IDLE; return; }
 970   1        val_len = (uint16_t)strlen(key_value);
 971   1        if (CMD_PutKeyValue(&blk, slot, idx, key, (const uint8_t *)key_value, val_len) != ERR_OK) {
 972   2          s_task = TASK_IDLE; return;
 973   2        }
 974   1        CMD_Reply("RESULT", ERR_OK);
 975   1        s_task = TASK_IDLE;
 976   1      }
 977          
 978          /* ---- GET ALL ---- */
 979          
 980          void CMD_GET_ALL_BLOCK(void) {
 981   1        if (!CMD_Begin(TASK_GET_ALL, 0)) return;
 982   1        CMD_EmitAllBlocks();
C51 COMPILER V9.59.0.0   COMMANDPARSER                                                     09/30/2026 23:25:46 PAGE 17  

 983   1        s_task = TASK_IDLE;
 984   1      }
 985          
 986          void CMD_GET_ALL_KEY(char *block_id) {
 987   1        block_entry_t blk;
 988   1        uint16_t slot;
 989   1        char name[BLOCK_NAME_LEN + 1];
 990   1        if (!CMD_Begin(TASK_GET_ALL, 0)) return;
 991   1        slot = CMD_LoadBlockById(CMD_AtoU16(block_id), &blk);
 992   1        if (slot == 0xFFFF) { CMD_Reply("ERR", ERR_BLOCK_NOT_FOUND); s_task = TASK_IDLE; return; }
 993   1        CMD_GetBlockName(&blk, name);
 994   1        Uart1_SendString("DATA+[");
 995   1        Uart1_SendString(name);
 996   1        Uart1_SendString(";");
 997   1        Uart1_SendNumber(blk.block_id);
 998   1        Uart1_SendString("](");
 999   1        CMD_EmitBlockKv(blk.block_id);
1000   1        Uart1_SendString(")\r\n");
1001   1        s_task = TASK_IDLE;
1002   1      }
1003          
1004          void CMD_GET_SIZE(void) {
1005   1        s_task = TASK_GET_ALL;
1006   1        Uart1_SendString("DATA+");
1007   1        Uart1_SendNumber(DEV_EEPROM_SIZE);
1008   1        Uart1_SendString("+");
1009   1        Uart1_SendNumber(CMD_ReadU16(CFG_ADDR_DATA_TOTAL));
1010   1        Uart1_SendString("+");
1011   1        Uart1_SendNumber(CMD_ReadU16(CFG_ADDR_DATA_USED));
1012   1        Uart1_SendString("+");
1013   1        Uart1_SendNumber(CMD_ReadU16(CFG_ADDR_DATA_FREE));
1014   1        Uart1_SendString("\r\n");
1015   1        s_task = TASK_IDLE;
1016   1      }
1017          
1018          /* ---- FORMAT / maintenance ---- */
1019          
1020          void CMD_FORMAT_DEV(void) {
1021   1        if (!CMD_Begin(TASK_FORMAT, 1)) return;
1022   1        StorageMgr_Format_BlockZone();
1023   1        StorageMgr_Format_EEPROMZone();
1024   1        CMD_Reply("RESULT", ERR_OK);
1025   1        s_task = TASK_IDLE;
1026   1      }
1027          
1028          void CMD_FORMAT_BLOCK(char *block_flag, char *block_identifier) {
1029   1        block_entry_t blk;
1030   1        uint16_t slot;
1031   1        if (!CMD_Begin(TASK_FORMAT, 1)) return;
1032   1        slot = CMD_ResolveBlock(block_flag, block_identifier, &blk);
1033   1        if (slot == 0xFFFF) { CMD_Reply("ERR", ERR_BLOCK_NOT_FOUND); s_task = TASK_IDLE; return; }
1034   1        CMD_PurgeBlockKv(blk.block_id);
1035   1        EEPROM_SetAddress(IC_0_24C64);
1036   1        blk.kv_count = 0;
1037   1        CMD_WriteBlockSlot(slot, &blk);
1038   1        CMD_Reply("RESULT", ERR_OK);
1039   1        s_task = TASK_IDLE;
1040   1      }
1041          
1042          /* ---- Main AT dispatcher ---- */
1043          
1044          void CMD_Parser(char *cmd) {
C51 COMPILER V9.59.0.0   COMMANDPARSER                                                     09/30/2026 23:25:46 PAGE 18  

1045   1        char *tokens[10];
1046   1        int tc = CMD_Split(cmd, '+', tokens, 10);
1047   1        int i;
1048   1        char *a2, *a3, *a4, *a5, *a6;
1049   1      
1050   1        if (tc < 2) return;
1051   1        if (!CMD_Compare(tokens[0], "AT")) return;
1052   1      
1053   1        for (i = 2; i < tc; i++) tokens[i] = CMD_StripQuote(tokens[i]);
1054   1        a2 = (tc >= 3) ? tokens[2] : 0;
1055   1        a3 = (tc >= 4) ? tokens[3] : 0;
1056   1        a4 = (tc >= 5) ? tokens[4] : 0;
1057   1        a5 = (tc >= 6) ? tokens[5] : 0;
1058   1        a6 = (tc >= 7) ? tokens[6] : 0;
1059   1      
1060   1        if (CMD_Compare(tokens[1], "INIT")) {
1061   2          if (tc >= 5)
1062   2            CMD_INIT(a2, a3, CMD_Atoi(a4), (tc >= 6) ? CMD_Atoi(a5) : DATA_SIZE_24C64);
1063   2          else
1064   2            CMD_Reply("ERR", ERR_PARAM);
1065   2          return;
1066   2        }
1067   1        if (CMD_Compare(tokens[1], "ECHO")) { CMD_ECHO(); return; }
1068   1        if (CMD_Compare(tokens[1], "INFO")) { CMD_INFO(); return; }
1069   1        if (CMD_Compare(tokens[1], "STATUS")) { CMD_STATUS(); return; }
1070   1        if (CMD_Compare(tokens[1], "USAGE")) { CMD_USAGE(); return; }
1071   1      
1072   1        if (CMD_Compare(tokens[1], "VERSION")) { CMD_VERSION(); return; }
1073   1      
1074   1        if (CMD_Compare(tokens[1], "AUTH")) {
1075   2          if (a2 && a3 && CMD_Compare(a2, "PASSWORD")) {
1076   3            if (CMD_Compare(a3, "CREATE") && a4) { CMD_AUTH_CREATE(a4); return; }
1077   3            if (CMD_Compare(a3, "VERIFY") && a4) { CMD_AUTH_VERIFY(a4); return; }
1078   3            if (CMD_Compare(a3, "ENABLE")) { CMD_AUTH_ENABLE(); return; }
1079   3            if (CMD_Compare(a3, "DISABLE")) { CMD_AUTH_DISABLE(); return; }
1080   3            if (CMD_Compare(a3, "VERIFYOUT")) { CMD_AUTH_VERIFYOUT(); return; }
1081   3            if (CMD_Compare(a3, "CHANGE") && a4) { CMD_AUTH_CHANGE(a4, a5); return; }
1082   3            if (CMD_Compare(a3, "RESET") && a4) { CMD_AUTH_RESET(a4); return; }
1083   3          }
1084   2          CMD_Reply("ERR", ERR_PARAM);
1085   2          return;
1086   2        }
1087   1      
1088   1        if (CMD_Compare(tokens[1], "READ")) {
1089   2          if (a2 && CMD_Compare(a2, "BLOCK")) {
1090   3            if (a3 && CMD_Compare(a3, "NAME") && a4) { CMD_READ_BLOCK_NAME(a4); return; }
1091   3            if (a3) { CMD_READ_BLOCK(a3); return; }
1092   3            CMD_READ_ALL_BLOCK(); return;
1093   3          }
1094   2          if (a2 && CMD_Compare(a2, "KEY") && a3 && a4) { CMD_READ_KEY(a3, a4); return; }
1095   2          CMD_READ(a2);
1096   2          return;
1097   2        }
1098   1      
1099   1        if (CMD_Compare(tokens[1], "WRITE")) {
1100   2          if (a2 && CMD_Compare(a2, "RAW") && a3 && a4 && a5) { CMD_WRITE_RAW(a3, a4, a5); return; }
1101   2          if (a2 && a3 && a4) { CMD_WRITE(a2, a3, a4); return; }
1102   2          CMD_Reply("ERR", ERR_PARAM);
1103   2          return;
1104   2        }
1105   1      
1106   1        if (CMD_Compare(tokens[1], "CREATE")) {
C51 COMPILER V9.59.0.0   COMMANDPARSER                                                     09/30/2026 23:25:46 PAGE 19  

1107   2          if (a2 && CMD_Compare(a2, "BLOCK") && a3 && a4) { CMD_CREATE_BLOCK(a3, a4); return; }
1108   2          if (a2 && CMD_Compare(a2, "KEY") && a3 && a4 && a5 && a6) { CMD_CREATE_KEY(a3, a4, a5, a6); return; }
1109   2          CMD_Reply("ERR", ERR_PARAM);
1110   2          return;
1111   2        }
1112   1      
1113   1        if (CMD_Compare(tokens[1], "DELETE")) {
1114   2          if (a2 && CMD_Compare(a2, "BLOCK")) {
1115   3            if (a3 && CMD_Compare(a3, "NAME") && a4) { CMD_DELETE_BLOCK_NAME(a4); return; }
1116   3            if (a3) { CMD_DELETE_BLOCK(a3); return; }
1117   3          }
1118   2          if (a2 && CMD_Compare(a2, "KEY") && a3 && a4 && a5) { CMD_DELETE_KEY(a3, a4, a5); return; }
1119   2          CMD_Reply("ERR", ERR_PARAM);
1120   2          return;
1121   2        }
1122   1      
1123   1        if (CMD_Compare(tokens[1], "UPDATE")) {
1124   2          if (a2 && CMD_Compare(a2, "BLOCK") && a3) { CMD_UPDATE_BLOCK(a3, a4); return; }
1125   2          if (a2 && CMD_Compare(a2, "KEY") && a3 && a4 && a5) { CMD_UPDATE_KEY(a3, a4, a5); return; }
1126   2          CMD_Reply("ERR", ERR_PARAM);
1127   2          return;
1128   2        }
1129   1      
1130   1        if (CMD_Compare(tokens[1], "GET")) {
1131   2          if (a2 && CMD_Compare(a2, "ALL") && a3) {
1132   3            if (CMD_Compare(a3, "BLOCK")) { CMD_GET_ALL_BLOCK(); return; }
1133   3            if (CMD_Compare(a3, "KEY") && a4) { CMD_GET_ALL_KEY(a4); return; }
1134   3          }
1135   2          if (a2 && CMD_Compare(a2, "SIZE")) { CMD_GET_SIZE(); return; }
1136   2          CMD_Reply("ERR", ERR_PARAM);
1137   2          return;
1138   2        }
1139   1      
1140   1        if (CMD_Compare(tokens[1], "FORMAT")) {
1141   2          if (a2 && CMD_Compare(a2, "DEV")) { CMD_FORMAT_DEV(); return; }
1142   2          if (a2 && CMD_Compare(a2, "BLOCK") && a3 && a4) { CMD_FORMAT_BLOCK(a3, a4); return; }
1143   2          CMD_Reply("ERR", ERR_PARAM);
1144   2          return;
1145   2        }
1146   1      
1147   1        CMD_Reply("ERR", ERR_PARAM);
1148   1      }


MODULE INFORMATION:   STATIC OVERLAYABLE
   CODE SIZE        =  11568    ----
   CONSTANT SIZE    =    358    ----
   XDATA SIZE       =   ----    ----
   PDATA SIZE       =      6    1753
   DATA SIZE        =   ----    ----
   IDATA SIZE       =   ----    ----
   BIT SIZE         =   ----    ----
END OF MODULE INFORMATION.


C51 COMPILATION COMPLETE.  1 WARNING(S),  0 ERROR(S)
