C51 COMPILER V9.59.0.0   HW_24C64                                                          08/03/2026 02:39:20 PAGE 1   


C51 COMPILER V9.59.0.0, COMPILATION OF MODULE HW_24C64
OBJECT MODULE PLACED IN .\Objects\HW_24c64.obj
COMPILER INVOKED BY: D:\Keil_v5\C51\BIN\C51.EXE EEPROM\HW_24c64.c COMPACT OPTIMIZE(8,SPEED) BROWSE INCDIR(.\EEPROM;.\Ser
                    -ial;.\Security) DEBUG OBJECTEXTEND PRINT(.\Listings\HW_24c64.lst) TABS(2) OBJECT(.\Objects\HW_24c64.obj)

line level    source

   1          #include "HW_24c64.h"
   2          
   3          /* 软件延时: 22.1184MHz 1T内核, 约1ms/循环; volatile防止被优化器删除 */
   4          void DelayMs(uint16_t ms)
   5          {
   6   1          uint16_t i;
   7   1          volatile uint16_t j;
   8   1          for (i = 0; i < ms; i++) {
   9   2              for (j = 0; j < 5000; j++);
  10   2          }
  11   1      }
  12          
  13          
  14          uint8_t EEPROM_ADDR = 0xA0;   /* 24C64 写地址: #0=0xA0, #1=0xA2 */
  15          uint8_t I2C_Err     = 0;      /* 0=OK, 1=DevAddrNACK 2=AddrHiNACK 3=AddrLoNACK 4=DataNACK 5=ReadAddrNACK *
             -/
  16          
  17          /* STC8G 硬件I2C寄存器要点:
  18             - I2CCFG (FE80H):  BIT7=ENI2C  BIT6=MSSL  [5:0]=MSSPEED
  19             - I2CMSST(FE82H):  BIT6=MSIF   BIT1=MSACKI BIT0=MSACKO
  20             - I2CMSCR(FE83H):  CMD=1 START, 2 SEND, 3 RECVACK, 4 RECV, 5 ACK, 6 STOP
  21             - P_SW2 (0BAH):    BIT7=EAXFR  BIT5:4=I2C_S 引脚选择
  22             - 主频 22.1184MHz, MSSPEED=25 → I2C总线≈205KHz ≤24C64 400KHz极限
  23          */
  24          
  25          #define I2C_MSSPEED  25
  26          
  27          static void I2C_Wait(void)
  28          {
  29   1          while (!(I2CMSST & 0x40));   // 轮询 MSIF=BIT6
  30   1          I2CMSST &= ~0x40;              // 软件清0
  31   1      }
  32          
  33          /* I2C主机初始化:
  34             - P3.2=SCL P3.3=SDA (准双向口)
  35             - P5.4/P5.5=WP#0/WP#1 (推挽输出, 拉低=允许写)
  36             - P_SW2.EAXFR=1 开放扩展SFR访问
  37          */
  38          void I2C_Init(void)
  39          {
  40   1          P3M1 &= ~0x0C;   P3M0 &= ~0x0C;   // P3.2/P3.3: 准双向
  41   1          P5M1 &= ~0x30;   P5M0 |=  0x30;   // P5.4/P5.5 (WP): 推挽输出
  42   1          IC0_WP = 0;                        // WP低 = 解除24C64写保护
  43   1          IC1_WP = 0;
  44   1          P_SW2 |= 0x80;                     // EAXFR=1 访问扩展SFR
  45   1          I2CCFG  = 0xE0 | I2C_MSSPEED;     // ENI2C=1 MSSL=1(主机)
  46   1          I2CMSST = 0x00;                     // 清状态
  47   1      }
  48          
  49          void I2C_Start(void)  { I2CMSCR = 0x01; I2C_Wait(); }   // CMD1: START
  50          void I2C_Stop(void)   { I2CMSCR = 0x06; I2C_Wait(); }   // CMD6: STOP
  51          void I2C_SendByte(uint8_t byte) { I2CTXD = byte; I2CMSCR = 0x02; I2C_Wait(); }   // CMD2: SEND
  52          uint8_t I2C_ReceiveByte(void)   { I2CMSCR = 0x04; I2C_Wait(); return I2CRXD; }        // CMD4: RECV
  53          
C51 COMPILER V9.59.0.0   HW_24C64                                                          08/03/2026 02:39:20 PAGE 2   

  54          bit I2C_WaitAck(void)
  55          {
  56   1          I2CMSCR = 0x03; I2C_Wait();                        // CMD3: 接收ACK
  57   1          return (I2CMSST & 0x02) ? 1 : 0;                   // MSACKI=BIT1
  58   1      }
  59          
  60          void I2C_SendAck(bit ack)
  61          {
  62   1          I2CMSST = ack ? 0x01 : 0x00;                       // MSACKO=BIT0
  63   1          I2CMSCR = 0x05; I2C_Wait();                        // CMD5: 发送ACK
  64   1      }
  65          
  66          void EEPROM_WriteByte(uint16_t addr, uint8_t dat)
  67          {
  68   1          I2C_Err = 0;
  69   1          I2C_Start();
  70   1          I2C_SendByte(EEPROM_ADDR);      if (I2C_WaitAck()) { I2C_Err = 1; I2C_Stop(); return; }
  71   1          I2C_SendByte(addr >> 8);        if (I2C_WaitAck()) { I2C_Err = 2; I2C_Stop(); return; }
  72   1          I2C_SendByte(addr & 0xFF);      if (I2C_WaitAck()) { I2C_Err = 3; I2C_Stop(); return; }
  73   1          I2C_SendByte(dat);             if (I2C_WaitAck()) { I2C_Err = 4; I2C_Stop(); return; }
  74   1          I2C_Stop();
  75   1          DelayMs(5);  // 24C64 tWR = 5ms
  76   1      }
  77          
  78          uint8_t EEPROM_ReadByte(uint16_t addr)
  79          {
  80   1          uint8_t dat;
  81   1          I2C_Err = 0;
  82   1          I2C_Start();
  83   1          I2C_SendByte(EEPROM_ADDR);      if (I2C_WaitAck()) { I2C_Err = 1; I2C_Stop(); return 0; }
  84   1          I2C_SendByte(addr >> 8);        if (I2C_WaitAck()) { I2C_Err = 2; I2C_Stop(); return 0; }
  85   1          I2C_SendByte(addr & 0xFF);      if (I2C_WaitAck()) { I2C_Err = 3; I2C_Stop(); return 0; }
  86   1          I2C_Start();
  87   1          I2C_SendByte(EEPROM_ADDR | 0x01); if (I2C_WaitAck()) { I2C_Err = 5; I2C_Stop(); return 0; }
  88   1          dat = I2C_ReceiveByte();
  89   1          I2C_SendAck(1);
  90   1          I2C_Stop();
  91   1          return dat;
  92   1      }
  93          
  94          
  95          void EEPROM_SetAddress(uint16_t addr) { EEPROM_ADDR = (uint8_t)(addr << 1); }
  96          
  97          /* 从addr起始向EEPROM连续地址写入字符串(含结尾'\0') */
  98          void EEPROM_WriteString(uint16_t addr, uint8_t *str)
  99          {
 100   1          while (*str)
 101   1          {
 102   2              EEPROM_WriteByte(addr++, *str++);
 103   2          }
 104   1          EEPROM_WriteByte(addr, 0x00);   // 写结束符，便于ReadString判断终止
 105   1      }
 106          
 107          /* 从addr起始读取字符串到buf，最多写入maxLen-1个字符，返回实际字符数(不含'\0') 
             -*/
 108          uint8_t EEPROM_ReadString(uint16_t addr, uint8_t *buf, uint8_t maxLen)
 109          {
 110   1          uint8_t len = 0;
 111   1          uint8_t dat;
 112   1      
 113   1          if (maxLen == 0) return 0;
 114   1      
C51 COMPILER V9.59.0.0   HW_24C64                                                          08/03/2026 02:39:20 PAGE 3   

 115   1          while (len < (maxLen - 1))
 116   1          {
 117   2              dat = EEPROM_ReadByte(addr++);
 118   2              buf[len++] = dat;
 119   2              if (dat == 0x00) break;   // 遇到结束符停止
 120   2          }
 121   1              buf[len] = 0x00;              // 确保buf始终以'\0'结尾
 122   1          return len;
 123   1      }
 124          
 125          /* 整片24C64清零(格式化EEPROM): 将当前选中芯片 0x0000~0x1FFF 全部写0x00 */
 126          void HW_EEPROM_ClearAll(void)
 127          {
 128   1          uint16_t addr;
 129   1          for (addr = 0; addr < 0x2000; addr++) {
 130   2              EEPROM_WriteByte(addr, 0x00);
 131   2          }
 132   1      }


MODULE INFORMATION:   STATIC OVERLAYABLE
   CODE SIZE        =    579    ----
   CONSTANT SIZE    =   ----    ----
   XDATA SIZE       =   ----    ----
   PDATA SIZE       =      2      16
   DATA SIZE        =   ----    ----
   IDATA SIZE       =   ----    ----
   BIT SIZE         =   ----       1
END OF MODULE INFORMATION.


C51 COMPILATION COMPLETE.  0 WARNING(S),  0 ERROR(S)
