C51 COMPILER V9.59.0.0   MAIN                                                              09/30/2026 23:25:45 PAGE 1   


C51 COMPILER V9.59.0.0, COMPILATION OF MODULE MAIN
OBJECT MODULE PLACED IN .\Objects\main.obj
COMPILER INVOKED BY: D:\Keil_v5\C51\BIN\C51.EXE main.c COMPACT OPTIMIZE(8,SIZE) BROWSE INCDIR(.\EEPROM;.\Serial;.\Securi
                    -ty) DEBUG OBJECTEXTEND PRINT(.\Listings\main.lst) TABS(2) OBJECT(.\Objects\main.obj)

line level    source

   1          #include "CommandParser.h"
   2          #include "ConfigMgr.h"
   3          #include "StorageMgr.h"
   4          #include "FeatTag.h"
   5          #include "Serial.h"
   6          
   7          #define FIRMWARE_NAME "ArchivumU"
   8          #define FIRMWARE_VERSION "1.0.0"
   9          #define FIRMWARE_DATE "2026-08-01"
  10          /* 串口行缓冲: 存放一条以 \r 或 \n 结束的 AT 指令 */
  11          static uint8_t cmd_buf[64];
  12          
  13          void main(void) {
  14   1        Uart1_Init();
  15   1        StorageMgr_Init();
  16   1      
  17   1        while (1) {
  18   2          /* 阻塞接收一行指令(超时返回0), 收到后交给解析器分发 */
  19   2          if (Uart1_ReceiveString(cmd_buf, sizeof(cmd_buf), 0) > 0) {
  20   3            CMD_Parser((char *)cmd_buf);
  21   3          }
  22   2        }
  23   1      }


MODULE INFORMATION:   STATIC OVERLAYABLE
   CODE SIZE        =     44    ----
   CONSTANT SIZE    =   ----    ----
   XDATA SIZE       =   ----    ----
   PDATA SIZE       =     64    ----
   DATA SIZE        =   ----    ----
   IDATA SIZE       =   ----    ----
   BIT SIZE         =   ----    ----
END OF MODULE INFORMATION.


C51 COMPILATION COMPLETE.  0 WARNING(S),  0 ERROR(S)
