C51 COMPILER V9.59.0.0   SERIAL                                                            07/26/2026 10:19:13 PAGE 1   


C51 COMPILER V9.59.0.0, COMPILATION OF MODULE SERIAL
OBJECT MODULE PLACED IN .\Objects\Serial.obj
COMPILER INVOKED BY: D:\Keil_v5\C51\BIN\C51.EXE Serial\Serial.c OPTIMIZE(8,SPEED) BROWSE DEBUG OBJECTEXTEND PRINT(.\List
                    -ings\Serial.lst) TABS(2) OBJECT(.\Objects\Serial.obj)

line level    source

   1          #include "Serial.h"
*** WARNING C318 IN LINE 10 OF AI8G.h: can't open file 'cstdint'
   2          
   3          void Uart1_Init(void) // 115200bps@22.1184MHz
   4          {
   5   1        SCON = 0x50;  // 8位数据,可变波特率
   6   1        AUXR |= 0x40; // 定时器时钟1T模式
   7   1        AUXR &= 0xFE; // 串口1选择定时器1为波特率发生器
   8   1        TMOD &= 0x0F; // 设置定时器模式
   9   1        TL1 = 0xD0;   // 设置定时初始值
  10   1        TH1 = 0xFF;   // 设置定时初始值
  11   1        ET1 = 0;      // 禁止定时器中断
  12   1        TR1 = 1;      // 定时器1开始计时
  13   1      }
  14          
  15          void Uart1_SendByte(uint8_t byte) {
  16   1        SBUF = byte;
  17   1        while (!TI)
  18   1          ;
  19   1        TI = 0;
  20   1      }
  21          
  22          /**
  23           * @brief 发送字符串
  24           * @param str 指向字符串的指针
  25           */
  26          void Uart1_SendString(uint8_t *str) {
  27   1        while (*str != '\0') {
  28   2          Uart1_SendByte(*str++);
  29   2        }
  30   1      }
  31          
  32          /**
  33           * @brief 发送单个字节的十六进制表示
  34           * @param byte 要发送的字节
  35           */
  36          void Uart1_SendHex(uint8_t byte) {
  37   1        uint8_t high = (byte >> 4) & 0x0F;
  38   1        uint8_t low = byte & 0x0F;
  39   1      
  40   1        // 发送高4位
  41   1        if (high < 10) {
  42   2          Uart1_SendByte('0' + high);
  43   2        } else {
  44   2          Uart1_SendByte('A' + high - 10);
  45   2        }
  46   1      
  47   1        // 发送低4位
  48   1        if (low < 10) {
  49   2          Uart1_SendByte('0' + low);
  50   2        } else {
  51   2          Uart1_SendByte('A' + low - 10);
  52   2        }
  53   1      }
C51 COMPILER V9.59.0.0   SERIAL                                                            07/26/2026 10:19:13 PAGE 2   

  54          
  55          /**
  56           * @brief 发送数据缓冲区的十六进制表示
  57           * @param buf 数据缓冲区指针
  58           * @param len 数据长度
  59           */
  60          void Uart1_SendHexBuffer(uint8_t *buf, uint16_t len) {
*** WARNING C235 IN LINE 60 OF Serial\Serial.c: parameter 2: different types
  61   1        uint16_t i;
  62   1        for (i = 0; i < len; i++) {
  63   2          Uart1_SendHex(buf[i]);
  64   2          Uart1_SendByte(' '); // 每个字节之间用空格分隔
  65   2        }
  66   1      }
  67          
  68          /**
  69           * @brief 发送无符号整数
  70           * @param num 要发送的无符号整数
  71           */
  72          void Uart1_SendNumber(uint16_t num) {
  73   1        uint8_t buf[5];
  74   1        uint8_t i = 0;
  75   1      
  76   1        if (num == 0) {
  77   2          Uart1_SendByte('0');
  78   2          return;
  79   2        }
  80   1      
  81   1        while (num > 0) {
  82   2          buf[i++] = num % 10 + '0';
  83   2          num /= 10;
  84   2        }
  85   1      
  86   1        while (i > 0) {
  87   2          Uart1_SendByte(buf[--i]);
  88   2        }
  89   1      }
  90          
  91          /**
  92           * @brief 接收单个字节（阻塞方式）
  93           * @return 接收到的字节
  94           */
  95          uint8_t Uart1_ReceiveByte(void) {
  96   1        while (!RI)
  97   1          ;
  98   1        RI = 0;
  99   1        return SBUF;
 100   1      }
 101          
 102          /**
 103           * @brief 接收字符串（带超时检测）
 104           * @param buf 接收缓冲区
 105           * @param max_len 最大接收长度
 106           * @param timeout 超时时间（单位：ms），0表示无限等待
 107           * @return 实际接收到的字符数，超时返回0
 108           */
 109          uint8_t Uart1_ReceiveString(uint8_t *buf, uint8_t max_len, uint16_t timeout) {
 110   1        uint8_t len = 0;
 111   1        uint8_t ch;
 112   1        uint16_t t = 0;
 113   1      
 114   1        while (len < max_len - 1) {
C51 COMPILER V9.59.0.0   SERIAL                                                            07/26/2026 10:19:13 PAGE 3   

 115   2          if (RI) {
 116   3            RI = 0;
 117   3            ch = SBUF;
 118   3      
 119   3            // 检测换行符作为结束标志
 120   3            if (ch == '\n' || ch == '\r') {
 121   4              break;
 122   4            }
 123   3      
 124   3            buf[len++] = ch;
 125   3            t = 0; // 重置超时计时
 126   3          } else {
 127   3            if (timeout > 0) {
 128   4              t++;
 129   4              if (t >= timeout) {
 130   5                break; // 超时退出
 131   5              }
 132   4              // 简单延时约1ms
 133   4              for (uint16_t i = 0; i < 1000; i++)
*** ERROR C141 IN LINE 133 OF Serial\Serial.c: syntax error near 'uint16_t', expected 'sizeof'
*** ERROR C202 IN LINE 133 OF Serial\Serial.c: 'i': undefined identifier
*** ERROR C202 IN LINE 133 OF Serial\Serial.c: 'i': undefined identifier
*** ERROR C202 IN LINE 133 OF Serial\Serial.c: 'i': undefined identifier
*** ERROR C141 IN LINE 133 OF Serial\Serial.c: syntax error near ')', expected ';'
 134   4                ;
 135   4            }
 136   3          }
 137   2        }
 138   1      
 139   1        buf[len] = '\0'; // 添加字符串结束符
 140   1        return len;
 141   1      }

C51 COMPILATION COMPLETE.  2 WARNING(S),  5 ERROR(S)
